// Jest Snapshot v1, https://goo.gl/fbAQLP

exports[`Video renders null if id prop not specified 1`] = `""`;

exports[`Video renders video component correctly 1`] = `
<div
  className="video-container"
>
  <div
    className="video"
  >
    <iframe
      allow="autoplay; encrypted-media"
      allowFullScreen={true}
      className="video-player"
      frameBorder="0"
      height="315"
      src="https://www.youtube.com/embed/12345?autoplay=1"
      title="12345"
      width="560"
    />
  </div>
</div>
`;
